[
    {
        "TIT_COD": "0189 HK",
        "TIT_NOM": "KWONG SANG HONG"
    },
    {
        "TIT_COD": "03\/04\/97",
        "TIT_NOM": "TBILLS 03\/04\/97"
    }
]