[
    {
        "TIT_COD": "0189 HK"
    },
    {
        "TIT_COD": "03\/04\/97"
    }
]
