[
    {
        "TIT_COD": "1"
    },
    {
        "TIT_COD": "03\/12\/98"
    }
]
