[
    {
        "TIT_COD": "1",
        "TIT_NOM": "CASINO DU LIBAN FRN LIBOR + 4.5%"
    },
    {
        "TIT_COD": "03\/12\/98",
        "TIT_NOM": "TBILLS 03\/12\/98"
    }
]